
> Configure project :
Fabric Loom: 1.16.2

> Task :compileJava FAILED
./gradlew : C:\Users\misaka20002\Downloads\maceenchantment-template-1.21.11\src
\main\java\com\misaka20002\maceenchant\ModEnchantments.java:5: error: cannot 
find symbol
At line:1 char:1
+ ./gradlew build 2>&1 | Tee-Object -FilePath build_output.log; Write-H ...
+ ~~~~~~~~~~~~~~~~~~~~
    + CategoryInfo          : NotSpecified: (C:\Users\misaka...not find symbol 
   :String) [], RemoteException
    + FullyQualifiedErrorId : NativeCommandError
 
import net.minecraft.resources.ResourceLocation;
                              ^
  symbol:   class ResourceLocation
  location: package net.minecraft.resources
C:\Users\misaka20002\Downloads\maceenchantment-template-1.21.11\src\main\java\c
om\misaka20002\maceenchant\MaceEnchantment.java:28: error: incompatible types: 
MaceSmashHandler cannot be converted to EndTick
		ServerTickEvents.END_SERVER_TICK.register(handler);
		                                          ^
C:\Users\misaka20002\Downloads\maceenchantment-template-1.21.11\src\main\java\c
om\misaka20002\maceenchant\MaceEnchantment.java:29: error: cannot find symbol
		ServerLivingEntityEvents.AFTER_DAMAGE_DEALT.register(handler);
		                        ^
  symbol:   variable AFTER_DAMAGE_DEALT
  location: class ServerLivingEntityEvents
C:\Users\misaka20002\Downloads\maceenchantment-template-1.21.11\src\main\java\c
om\misaka20002\maceenchant\MaceEnchantment.java:30: error: incompatible types: 
MaceSmashHandler cannot be converted to AllowDamage
		ServerLivingEntityEvents.ALLOW_DAMAGE.register(handler);
		                                               ^
C:\Users\misaka20002\Downloads\maceenchantment-template-1.21.11\src\main\java\c
om\misaka20002\maceenchant\MaceSmashHandler.java:70: error: incompatible 
types: bad return type in lambda expression
                        return amount + (float) ((damage + densityBonus) * 
levelScale * elytraScale);
                                      ^
    float cannot be converted to boolean
C:\Users\misaka20002\Downloads\maceenchantment-template-1.21.11\src\main\java\c
om\misaka20002\maceenchant\MaceSmashHandler.java:77: error: cannot find symbol
        ServerLivingEntityEvents.AFTER_DAMAGE_DEALT.register((damageSource, 
entity, damageDealt, newHealth, absorbed) -> {
                                ^
  symbol:   variable AFTER_DAMAGE_DEALT
  location: class ServerLivingEntityEvents
C:\Users\misaka20002\Downloads\maceenchantment-template-1.21.11\src\main\java\c
om\misaka20002\maceenchant\MaceSmashHandler.java:168: error: cannot find symbol
        return level.registryAccess().registryOrThrow(Registries.ENCHANTMENT).g
etHolderOrThrow(ModEnchantments.MACE_SMASH);
                                     ^
  symbol:   method registryOrThrow(ResourceKey<Registry<Enchantment>>)
  location: interface RegistryAccess
C:\Users\misaka20002\Downloads\maceenchantment-template-1.21.11\src\main\java\c
om\misaka20002\maceenchant\MaceSmashHandler.java:173: error: cannot find symbol
        return weapon.isEmpty() ? 0 : 
weapon.getEnchantmentLevel(getMaceSmash(level));
                                            ^
  symbol:   method getEnchantmentLevel(Holder<Enchantment>)
  location: variable weapon of type ItemStack
C:\Users\misaka20002\Downloads\maceenchantment-template-1.21.11\src\main\java\c
om\misaka20002\maceenchant\MaceSmashHandler.java:177: error: cannot find symbol
        Holder<Enchantment> density = level.registryAccess().registryOrThrow(Re
gistries.ENCHANTMENT).getHolderOrThrow(Enchantments.DENSITY);
                                                            ^
  symbol:   method registryOrThrow(ResourceKey<Registry<Enchantment>>)
  location: interface RegistryAccess
C:\Users\misaka20002\Downloads\maceenchantment-template-1.21.11\src\main\java\c
om\misaka20002\maceenchant\MaceSmashHandler.java:178: error: cannot find symbol
        return weapon.getEnchantmentLevel(density);
                     ^
  symbol:   method getEnchantmentLevel(Holder<Enchantment>)
  location: variable weapon of type ItemStack
C:\Users\misaka20002\Downloads\maceenchantment-template-1.21.11\src\main\java\c
om\misaka20002\maceenchant\MaceSmashHandler.java:182: error: cannot find symbol
        Holder<Enchantment> windBurst = level.registryAccess().registryOrThrow(
Registries.ENCHANTMENT).getHolderOrThrow(Enchantments.WIND_BURST);
                                                              ^
  symbol:   method registryOrThrow(ResourceKey<Registry<Enchantment>>)
  location: interface RegistryAccess
C:\Users\misaka20002\Downloads\maceenchantment-template-1.21.11\src\main\java\c
om\misaka20002\maceenchant\MaceSmashHandler.java:183: error: cannot find symbol
        return weapon.getEnchantmentLevel(windBurst);
                     ^
  symbol:   method getEnchantmentLevel(Holder<Enchantment>)
  location: variable weapon of type ItemStack
C:\Users\misaka20002\Downloads\maceenchantment-template-1.21.11\src\main\java\c
om\misaka20002\maceenchant\MaceSmashHandler.java:217: error: no suitable 
method found for explode(<null>,<null>,SimpleExplosionDamageCalculator,double,d
ouble,double,float,boolean,ExplosionInteraction,SimpleParticleType,SimplePartic
leType,Reference<SoundEvent>)
        level.explode(
             ^
    method Level.explode(@org.jspecify.annotations.Nullable 
Entity,double,double,double,float,ExplosionInteraction) is not applicable
      (actual and formal argument lists differ in length)
    method Level.explode(@org.jspecify.annotations.Nullable 
Entity,double,double,double,float,boolean,ExplosionInteraction) is not 
applicable
      (actual and formal argument lists differ in length)
    method Level.explode(@org.jspecify.annotations.Nullable 
Entity,@org.jspecify.annotations.Nullable 
DamageSource,@org.jspecify.annotations.Nullable 
ExplosionDamageCalculator,Vec3,float,boolean,ExplosionInteraction) is not 
applicable
      (actual and formal argument lists differ in length)
    method Level.explode(@org.jspecify.annotations.Nullable 
Entity,@org.jspecify.annotations.Nullable 
DamageSource,@org.jspecify.annotations.Nullable ExplosionDamageCalculator,doubl
e,double,double,float,boolean,ExplosionInteraction) is not applicable
      (actual and formal argument lists differ in length)
    method ServerLevel.explode(@org.jspecify.annotations.Nullable 
Entity,@org.jspecify.annotations.Nullable 
DamageSource,@org.jspecify.annotations.Nullable ExplosionDamageCalculator,doubl
e,double,double,float,boolean,ExplosionInteraction,ParticleOptions,ParticleOpti
ons,WeightedList<ExplosionParticleInfo>,Holder<SoundEvent>) is not applicable
      (actual and formal argument lists differ in length)
C:\Users\misaka20002\Downloads\maceenchantment-template-1.21.11\src\main\java\c
om\misaka20002\maceenchant\ModEnchantments.java:11: error: cannot find symbol
            ResourceLocation.fromNamespaceAndPath(MaceEnchantment.MOD_ID, 
"mace_smash"));
            ^
  symbol:   variable ResourceLocation
  location: class ModEnchantments
Note: Some messages have been simplified; recompile with -Xdiags:verbose to 
get full output
14 errors

[Incubating] Problems report is available at: file:///C:/Users/misaka20002/Downloads/maceenchantment-template-1.21.11/build/reports/problems/problems-report.html

FAILURE: Build failed with an exception.

* What went wrong:
Execution failed for task ':compileJava'.
> Compilation failed; see the compiler output below.
  C:\Users\misaka20002\Downloads\maceenchantment-template-1.21.11\src\main\java
\com\misaka20002\maceenchant\MaceSmashHandler.java:217: error: no suitable 
method found for explode(<null>,<null>,SimpleExplosionDamageCalculator,double,d
ouble,double,float,boolean,ExplosionInteraction,SimpleParticleType,SimplePartic
leType,Reference<SoundEvent>)
          level.explode(
               ^
      method Level.explode(@org.jspecify.annotations.Nullable 
Entity,double,double,double,float,ExplosionInteraction) is not applicable
        (actual and formal argument lists differ in length)
      method Level.explode(@org.jspecify.annotations.Nullable 
Entity,double,double,double,float,boolean,ExplosionInteraction) is not 
applicable
        (actual and formal argument lists differ in length)
      method Level.explode(@org.jspecify.annotations.Nullable 
Entity,@org.jspecify.annotations.Nullable 
DamageSource,@org.jspecify.annotations.Nullable 
ExplosionDamageCalculator,Vec3,float,boolean,ExplosionInteraction) is not 
applicable
        (actual and formal argument lists differ in length)
      method Level.explode(@org.jspecify.annotations.Nullable 
Entity,@org.jspecify.annotations.Nullable 
DamageSource,@org.jspecify.annotations.Nullable ExplosionDamageCalculator,doubl
e,double,double,float,boolean,ExplosionInteraction) is not applicable
        (actual and formal argument lists differ in length)
      method ServerLevel.explode(@org.jspecify.annotations.Nullable 
Entity,@org.jspecify.annotations.Nullable 
DamageSource,@org.jspecify.annotations.Nullable ExplosionDamageCalculator,doubl
e,double,double,float,boolean,ExplosionInteraction,ParticleOptions,ParticleOpti
ons,WeightedList<ExplosionParticleInfo>,Holder<SoundEvent>) is not applicable
        (actual and formal argument lists differ in length)
  C:\Users\misaka20002\Downloads\maceenchantment-template-1.21.11\src\main\java
\com\misaka20002\maceenchant\MaceEnchantment.java:28: error: incompatible 
types: MaceSmashHandler cannot be converted to EndTick
  		ServerTickEvents.END_SERVER_TICK.register(handler);
  		                                          ^
  C:\Users\misaka20002\Downloads\maceenchantment-template-1.21.11\src\main\java
\com\misaka20002\maceenchant\MaceEnchantment.java:30: error: incompatible 
types: MaceSmashHandler cannot be converted to AllowDamage
  		ServerLivingEntityEvents.ALLOW_DAMAGE.register(handler);
  		                                               ^
  C:\Users\misaka20002\Downloads\maceenchantment-template-1.21.11\src\main\java
\com\misaka20002\maceenchant\MaceSmashHandler.java:70: error: incompatible 
types: bad return type in lambda expression
                          return amount + (float) ((damage + densityBonus) * 
levelScale * elytraScale);
                                        ^
      float cannot be converted to boolean
  C:\Users\misaka20002\Downloads\maceenchantment-template-1.21.11\src\main\java
\com\misaka20002\maceenchant\ModEnchantments.java:5: error: cannot find symbol
  import net.minecraft.resources.ResourceLocation;
                                ^
    symbol:   class ResourceLocation
    location: package net.minecraft.resources
  C:\Users\misaka20002\Downloads\maceenchantment-template-1.21.11\src\main\java
\com\misaka20002\maceenchant\MaceEnchantment.java:29: error: cannot find symbol
  		ServerLivingEntityEvents.AFTER_DAMAGE_DEALT.register(handler);
  		                        ^
    symbol:   variable AFTER_DAMAGE_DEALT
    location: class ServerLivingEntityEvents
  C:\Users\misaka20002\Downloads\maceenchantment-template-1.21.11\src\main\java
\com\misaka20002\maceenchant\MaceSmashHandler.java:77: error: cannot find 
symbol
          ServerLivingEntityEvents.AFTER_DAMAGE_DEALT.register((damageSource, 
entity, damageDealt, newHealth, absorbed) -> {
                                  ^
    symbol:   variable AFTER_DAMAGE_DEALT
    location: class ServerLivingEntityEvents
  C:\Users\misaka20002\Downloads\maceenchantment-template-1.21.11\src\main\java
\com\misaka20002\maceenchant\ModEnchantments.java:11: error: cannot find symbol
              ResourceLocation.fromNamespaceAndPath(MaceEnchantment.MOD_ID, 
"mace_smash"));
              ^
    symbol:   variable ResourceLocation
    location: class ModEnchantments
  Note: Some messages have been simplified; recompile with -Xdiags:verbose to 
get full output
  C:\Users\misaka20002\Downloads\maceenchantment-template-1.21.11\src\main\java
\com\misaka20002\maceenchant\MaceSmashHandler.java:168: error: cannot find 
symbol
          return level.registryAccess().registryOrThrow(Registries.ENCHANTMENT)
.getHolderOrThrow(ModEnchantments.MACE_SMASH);
                                       ^
1 actionable task: 1 executed
    symbol:   method registryOrThrow(ResourceKey<Registry<Enchantment>>)
    location: interface RegistryAccess
  C:\Users\misaka20002\Downloads\maceenchantment-template-1.21.11\src\main\java
\com\misaka20002\maceenchant\MaceSmashHandler.java:173: error: cannot find 
symbol
          return weapon.isEmpty() ? 0 : 
weapon.getEnchantmentLevel(getMaceSmash(level));
                                              ^
    symbol:   method getEnchantmentLevel(Holder<Enchantment>)
    location: variable weapon of type ItemStack
  C:\Users\misaka20002\Downloads\maceenchantment-template-1.21.11\src\main\java
\com\misaka20002\maceenchant\MaceSmashHandler.java:177: error: cannot find 
symbol
          Holder<Enchantment> density = level.registryAccess().registryOrThrow(
Registries.ENCHANTMENT).getHolderOrThrow(Enchantments.DENSITY);
                                                              ^
    symbol:   method registryOrThrow(ResourceKey<Registry<Enchantment>>)
    location: interface RegistryAccess
  C:\Users\misaka20002\Downloads\maceenchantment-template-1.21.11\src\main\java
\com\misaka20002\maceenchant\MaceSmashHandler.java:178: error: cannot find 
symbol
          return weapon.getEnchantmentLevel(density);
                       ^
    symbol:   method getEnchantmentLevel(Holder<Enchantment>)
    location: variable weapon of type ItemStack
  C:\Users\misaka20002\Downloads\maceenchantment-template-1.21.11\src\main\java
\com\misaka20002\maceenchant\MaceSmashHandler.java:182: error: cannot find 
symbol
          Holder<Enchantment> windBurst = level.registryAccess().registryOrThro
w(Registries.ENCHANTMENT).getHolderOrThrow(Enchantments.WIND_BURST);
                                                                ^
    symbol:   method registryOrThrow(ResourceKey<Registry<Enchantment>>)
    location: interface RegistryAccess
  C:\Users\misaka20002\Downloads\maceenchantment-template-1.21.11\src\main\java
\com\misaka20002\maceenchant\MaceSmashHandler.java:183: error: cannot find 
symbol
          return weapon.getEnchantmentLevel(windBurst);
                       ^
    symbol:   method getEnchantmentLevel(Holder<Enchantment>)
    location: variable weapon of type ItemStack
  14 errors

* Try:
> Check your code and dependencies to fix the compilation error(s)
> Run with --scan to get full insights from a Build Scan (powered by 
Develocity).

BUILD FAILED in 1s
